// Vitest Snapshot v1, https://vitest.dev/guide/snapshot.html

exports[`get-usage-summary > should return equipment 1`] = `
{
  "corporateUsageSummary": {
    "distanceDrivenInMeters": 468,
    "totalRoadTollCost": 80,
    "totalTollStationsPassed": 4,
  },
  "privateUsageSummary": {
    "distanceDrivenInMeters": 1500,
    "totalRoadTollCost": 40,
    "totalTollStationsPassed": 2,
  },
}
`;
