// Vitest Snapshot v1, https://vitest.dev/guide/snapshot.html

exports[`list capabilities > should list capabilitites 1`] = `
{
  "items": [
    {
      "capability": "query-equipment",
    },
    {
      "capability": "query-equipment-locations",
    },
    {
      "capability": "query-people",
    },
  ],
}
`;
